// Jest Snapshot v1, https://goo.gl/fbAQLP

exports[`<Button /> should render the Button and its label 1`] = `
.c0 {
  font-size: 1.6rem;
  font-weight: 600;
  color: #ffffff;
  text-align: center;
  background: #1b31a8;
  padding-top: 1.8rem;
  padding-bottom: 1.8rem;
  width: 32rem;
  border-radius: 3.2rem;
  border: 0;
}

<button
  class="c0"
>
  Teste
</button>
`
