// Jest Snapshot v1, https://goo.gl/fbAQLP

exports[
  `<HeadingMediumXS /> should render the HeadingMediumXS and its styles 1`
] = `
.c0 {
  font-size: 2.4rem;
  line-height: 2.88rem;
  font-family: 'Rubik';
  color: #0079ff;
  font-weight: 500;
}

<h2
  class="c0"
  color="secondaryBlue"
>
  Teste
</h2>
`
