// Jest Snapshot v1, https://goo.gl/fbAQLP

exports[`<Navbar /> should render a bigger header on desktop 1`] = `
.c0 {
  background-color: #ffffff;
  width: 100%;
  height: 5.6rem;
  top: 0;
  padding-top: 1.5rem;
}

.c1 {
  margin: 1.6rem;
}

@media (min-width:560px) {
  .c0 {
    padding-bottom: 1.5rem;
  }
}

@media (min-width:560px) {
  .c1 {
    margin: 2rem auto 2rem 5.2rem;
    height: 3.2rem;
    width: 10rem;
  }
}

<nav
  class="c0"
>
  <picture
    class="c1"
  >
    <source
      media="(min-width: 768px)"
      srcset="[object Object]"
    />
    <source
      media="(max-width: 768px)"
      srcset="[object Object]"
    />
    <img
      alt="Origin Logo"
      src="[object Object]"
    />
  </picture>
</nav>
`;
